// Jest Snapshot v1, https://goo.gl/fbAQLP

exports[`Given the SidebarConnection component when the component is rendered and active is false, error is true should match the snapshot 1`] = `
<DocumentFragment>
  <div
    class="sc-pNWdM ckaNGe"
  >
    <div
      class="sc-jrsJWt fEoKU"
    >
      <strong>
        Connection
      </strong>
      <div
        class="sc-gKAaRy hGDlOd"
      >
        Error
      </div>
    </div>
    <div
      class="sc-jrsJWt fEoKU"
    >
      <strong>
        Chain Id
      </strong>
      <span>
        123
      </span>
    </div>
    <div
      class="sc-jrsJWt fEoKU"
    >
      <strong>
        Block Number
      </strong>
      <span>
        123456
      </span>
    </div>
  </div>
</DocumentFragment>
`;

exports[`Given the SidebarConnection component when the component is rendered and active property is true should match the snapshot 1`] = `
<DocumentFragment>
  <div
    class="sc-pNWdM ckaNGe"
  >
    <div
      class="sc-jrsJWt fEoKU"
    >
      <strong>
        Connection
      </strong>
      <div
        class="sc-gKAaRy hGDlOd"
      >
        Connected
      </div>
    </div>
    <div
      class="sc-jrsJWt fEoKU"
    >
      <strong>
        Chain Id
      </strong>
      <span>
        123
      </span>
    </div>
    <div
      class="sc-jrsJWt fEoKU"
    >
      <strong>
        Block Number
      </strong>
      <span>
        123456
      </span>
    </div>
  </div>
</DocumentFragment>
`;

exports[`Given the SidebarConnection component when the component is rendered has inactive state and has no errors should match the snapshot 1`] = `
<DocumentFragment>
  <div
    class="sc-pNWdM ckaNGe"
  >
    <div
      class="sc-jrsJWt fEoKU"
    >
      <strong>
        Connection
      </strong>
      <div
        class="sc-gKAaRy hGDlOd"
      >
        Loading
      </div>
    </div>
    <div
      class="sc-jrsJWt fEoKU"
    >
      <strong>
        Chain Id
      </strong>
      <span />
    </div>
    <div
      class="sc-jrsJWt fEoKU"
    >
      <strong>
        Block Number
      </strong>
      <span />
    </div>
  </div>
</DocumentFragment>
`;
