// Jest Snapshot v1, https://goo.gl/fbAQLP

exports[`Given the SidebarFooter component when the component is rendered should match the snapshot 1`] = `
<DocumentFragment>
  .c0 {
  display: -webkit-box;
  display: -webkit-flex;
  display: -ms-flexbox;
  display: flex;
  -webkit-align-items: center;
  -webkit-box-align: center;
  -ms-flex-align: center;
  align-items: center;
  gap: 16px;
  padding: 24px 40px;
  margin-top: auto;
}

.c1 {
  display: block;
  margin-right: auto;
  color: #9895a6;
  -webkit-text-decoration: none;
  text-decoration: none;
}

.c1:hover {
  color: #e1dfeb;
}

.c1:active {
  color: #656273;
}

.c3 {
  display: -webkit-box;
  display: -webkit-flex;
  display: -ms-flexbox;
  display: flex;
  -webkit-align-items: center;
  -webkit-box-align: center;
  -ms-flex-align: center;
  align-items: center;
  -webkit-box-pack: center;
  -webkit-justify-content: center;
  -ms-flex-pack: center;
  justify-content: center;
  height: 40px;
  width: 40px;
  background-color: #302E3D;
  border-radius: 8px;
  font-size: 20px;
  color: #5d5b70;
  cursor: pointer;
}

.c3 svg {
  width: 20px;
  height: 20px;
}

.c3:hover {
  background-color: #47445a;
}

.c3:hover svg * {
  fill: #e1dfeb;
}

.c3:active {
  background-color: #191820;
}

.c2 {
  display: -webkit-box;
  display: -webkit-flex;
  display: -ms-flexbox;
  display: flex;
  -webkit-align-items: center;
  -webkit-box-align: center;
  -ms-flex-align: center;
  align-items: center;
  gap: 16px;
}

@media screen and (max-width:1440px) {
  .c0 {
    -webkit-flex-direction: column-reverse;
    -ms-flex-direction: column-reverse;
    flex-direction: column-reverse;
    padding: 40px 24px;
  }
}

@media screen and (max-width:1024px) {
  .c0 {
    width: 100%;
    gap: 12px;
    position: absolute;
    bottom: 0;
    left: 0;
    padding: 10px 24px;
    -webkit-flex-direction: row;
    -ms-flex-direction: row;
    flex-direction: row;
    -webkit-box-pack: justify;
    -webkit-justify-content: space-between;
    -ms-flex-pack: justify;
    justify-content: space-between;
  }
}

@media screen and (max-width:700px) {
  .c0 {
    padding: 24px 20px;
    position: relative;
    background-color: #1a1823;
  }
}

@media screen and (max-width:1440px) {
  .c1 {
    margin: 0 auto;
  }
}

@media screen and (max-width:1024px) {
  .c1 {
    margin: 0;
  }
}

@media screen and (max-width:1440px) {
  .c3 {
    width: 32px;
    height: 32px;
    font-size: 14px;
  }

  .c3 svg {
    width: 16px;
    height: 16px;
  }
}

@media screen and (max-width:1024px) {
  .c2 {
    gap: 12px;
  }
}

<footer
    class="c0"
  >
    <a
      class="c1"
      href="https://onomy.io/"
      target="_blank"
    >
      About Onomy
    </a>
    <div
      class="c2"
    >
      <a
        class="c3"
        href="https://t.me/onomyprotocol"
        target="_blank"
      >
        <svg
          viewBox="0 0 24 24"
          xmlns="http://www.w3.org/2000/svg"
        >
          <path
            d="M2.966 11.085L13.195 6.87c1.01-.439 4.435-1.844 4.435-1.844s1.583-.614 1.448.875c-.044.615-.4 2.766-.746 5.093l-1.1 6.893s-.088 1.01-.834 1.185a3.611 3.611 0 01-2.2-.79c-.176-.132-3.293-2.107-4.434-3.073a.832.832 0 01.044-1.4 168.85 168.85 0 004.61-4.39c.527-.527 1.054-1.756-1.141-.263l-6.184 4.168a2.58 2.58 0 01-2.02.044c-1.317-.395-2.854-.922-2.854-.922s-1.054-.659.746-1.361z"
            fill="#5e5b70"
          />
        </svg>
      </a>
      <a
        class="c3"
        href="https://medium.com/onomy-protocol"
        target="_blank"
      >
        <svg
          viewBox="0 0 195 195"
          xmlns="http://www.w3.org/2000/svg"
        >
          <defs />
          <g
            fill="none"
            fill-rule="evenodd"
            id="Page-1"
            stroke="none"
            stroke-width="1"
          >
            <g
              fill-rule="nonzero"
              id="Monogram"
            >
              <path
                d="M46.5340803,65.2157554 C46.6968378,63.6076572 46.0836,62.018231 44.8828198,60.93592 L32.6512605,46.2010582 L32.6512605,44 L70.6302521,44 L99.9859944,108.380952 L125.794585,44 L162,44 L162,46.2010582 L151.542017,56.2281011 C150.640424,56.9153477 150.193188,58.0448862 150.380019,59.1628454 L150.380019,132.837155 C150.193188,133.955114 150.640424,135.084652 151.542017,135.771899 L161.755369,145.798942 L161.755369,148 L110.38282,148 L110.38282,145.798942 L120.963119,135.527337 C122.002801,134.487948 122.002801,134.182246 122.002801,132.592593 L122.002801,73.0417402 L92.585901,147.755438 L88.6106443,147.755438 L54.3622782,73.0417402 L54.3622782,123.115814 C54.0767278,125.221069 54.7759199,127.3406 56.2581699,128.863022 L70.0186741,145.55438 L70.0186741,147.755438 L31,147.755438 L31,145.55438 L44.7605042,128.863022 C46.2319621,127.338076 46.8903838,125.204485 46.5340803,123.115814 L46.5340803,65.2157554 Z"
                fill="#5e5b70"
                id="Shape"
              />
            </g>
          </g>
        </svg>
      </a>
      <a
        class="c3"
        href="https://twitter.com/onomyprotocol"
        target="_blank"
      >
        <svg
          viewBox="0 0 20 20"
          xmlns="http://www.w3.org/2000/svg"
        >
          <path
            d="M16.555 6.438v.46a10.4 10.4 0 01-.66 3.6 10.744 10.744 0 01-1.961 3.282 9.729 9.729 0 01-3.2 2.4 10.445 10.445 0 01-4.383.921 10.247 10.247 0 01-2.922-.42 9.937 9.937 0 01-2.6-1.181q.42.041.86.04a7.14 7.14 0 002.381-.4 7.457 7.457 0 002.081-1.121 3.592 3.592 0 01-2.081-.73 3.463 3.463 0 01-1.261-1.771 3.579 3.579 0 00.66.06 3.7 3.7 0 00.941-.12 3.472 3.472 0 01-1.461-.67 3.567 3.567 0 01-1.031-1.261 3.749 3.749 0 01-.39-1.591v-.06a3.369 3.369 0 001.641.46 3.617 3.617 0 01-1.171-1.291 3.517 3.517 0 01-.43-1.711 3.574 3.574 0 01.48-1.8 10.262 10.262 0 007.4 3.762 4.156 4.156 0 01-.08-.82 3.5 3.5 0 01.48-1.8 3.627 3.627 0 011.311-1.311 3.462 3.462 0 011.791-.49 3.563 3.563 0 012.622 1.141 6.994 6.994 0 002.281-.881 3.481 3.481 0 01-.61 1.151 3.694 3.694 0 01-.971.851 7.316 7.316 0 002.081-.58 7.525 7.525 0 01-1.798 1.881z"
            fill="#8d89a3"
            opacity="0.5"
          />
        </svg>
      </a>
    </div>
  </footer>
</DocumentFragment>
`;
