// Jest Snapshot v1, https://goo.gl/fbAQLP

exports[`Given the LineChart component when the component is rendered should match the snapshot with bidDenom strong 1`] = `
<DocumentFragment>
  <div
    data-testid="bond-line-chart"
    style="margin-top: 1rem; height: 400px;"
  >
    <svg
      class="sc-bdnxRM jsxgsd"
    >
      <defs>
        <clippath
          id="bondingChart"
        >
          <rect
            height="100%"
            width="100%"
            x="0"
            y="0"
          />
        </clippath>
      </defs>
      <g
        class="y-axis"
        fill="none"
        font-family="sans-serif"
        font-size="10"
        style="color: rgb(26, 23, 35);"
        text-anchor="end"
        transform="translate(90, 0)"
      >
        <path
          class="domain"
          d="M-6,-59.5H0.5V10.5H-6"
          stroke="currentColor"
        />
      </g>
      <g
        class="x-axis1"
        fill="none"
        font-family="sans-serif"
        font-size="10"
        style="color: rgb(48, 46, 61);"
        text-anchor="middle"
        transform="translate(0, -60)"
      >
        <path
          class="domain"
          d="M90.5,10V0.5H-19.5V10"
          stroke="currentColor"
        />
      </g>
      <g
        class="x-axis"
        fill="none"
        font-family="sans-serif"
        font-size="10"
        stroke-width="0.10rem"
        style="color: rgb(48, 46, 61);"
        text-anchor="middle"
        transform="translate(0, -60)"
      >
        <path
          class="domain"
          d="M90.5,15V0.5H-19.5V15"
          stroke="currentColor"
        />
      </g>
      <g
        class="content"
        clip-path="url(#bondingChart)"
      >
        <path
          class="baseLine"
          d="MNaN,NaNCNaN,NaN,NaN,NaN,NaN,NaNCNaN,NaN,NaN,NaN,NaN,NaNCNaN,NaN,NaN,NaN,NaN,NaNCNaN,NaN,NaN,NaN,NaN,NaNCNaN,NaN,NaN,NaN,NaN,NaNCNaN,NaN,NaN,NaN,NaN,NaNCNaN,NaN,NaN,NaN,NaN,NaNCNaN,NaN,NaN,NaN,NaN,NaNCNaN,NaN,NaN,NaN,NaN,NaNCNaN,NaN,NaN,NaN,NaN,NaNCNaN,NaN,NaN,NaN,NaN,NaNCNaN,NaN,NaN,NaN,NaN,NaNCNaN,NaN,NaN,NaN,NaN,NaNCNaN,NaN,NaN,NaN,NaN,NaNCNaN,NaN,NaN,NaN,NaN,NaNCNaN,NaN,NaN,NaN,NaN,NaNCNaN,NaN,NaN,NaN,NaN,NaNCNaN,NaN,NaN,NaN,NaN,NaNCNaN,NaN,NaN,NaN,NaN,NaNCNaN,NaN,NaN,NaN,NaN,NaNCNaN,NaN,NaN,NaN,NaN,NaNCNaN,NaN,NaN,NaN,NaN,NaNCNaN,NaN,NaN,NaN,NaN,NaNCNaN,NaN,NaN,NaN,NaN,NaNCNaN,NaN,NaN,NaN,NaN,NaNCNaN,NaN,NaN,NaN,NaN,NaNCNaN,NaN,NaN,NaN,NaN,NaNCNaN,NaN,NaN,NaN,NaN,NaNCNaN,NaN,NaN,NaN,NaN,NaNCNaN,NaN,NaN,NaN,NaN,NaNCNaN,NaN,NaN,NaN,NaN,NaNCNaN,NaN,NaN,NaN,NaN,NaNCNaN,NaN,NaN,NaN,NaN,NaNCNaN,NaN,NaN,NaN,NaN,NaNCNaN,NaN,NaN,NaN,NaN,NaNCNaN,NaN,NaN,NaN,NaN,NaNCNaN,NaN,NaN,NaN,NaN,NaNCNaN,NaN,NaN,NaN,NaN,NaNCNaN,NaN,NaN,NaN,NaN,NaNCNaN,NaN,NaN,NaN,NaN,NaNCNaN,NaN,NaN,NaN,NaN,NaNCNaN,NaN,NaN,NaN,NaN,NaNCNaN,NaN,NaN,NaN,NaN,NaNCNaN,NaN,NaN,NaN,NaN,NaNCNaN,NaN,NaN,NaN,NaN,NaNCNaN,NaN,NaN,NaN,NaN,NaNCNaN,NaN,NaN,NaN,NaN,NaNCNaN,NaN,NaN,NaN,NaN,NaNCNaN,NaN,NaN,NaN,NaN,NaNCNaN,NaN,NaN,NaN,NaN,NaNCNaN,NaN,NaN,NaN,NaN,NaNCNaN,NaN,NaN,NaN,NaN,NaNCNaN,NaN,NaN,NaN,NaN,NaNCNaN,NaN,NaN,NaN,NaN,NaNCNaN,NaN,NaN,NaN,NaN,NaNCNaN,NaN,NaN,NaN,NaN,NaNCNaN,NaN,NaN,NaN,NaN,NaNCNaN,NaN,NaN,NaN,NaN,NaNCNaN,NaN,NaN,NaN,NaN,NaNCNaN,NaN,NaN,NaN,NaN,NaNCNaN,NaN,NaN,NaN,NaN,NaNCNaN,NaN,NaN,NaN,NaN,NaNCNaN,NaN,NaN,NaN,NaN,NaNCNaN,NaN,NaN,NaN,NaN,NaNCNaN,NaN,NaN,NaN,NaN,NaNCNaN,NaN,NaN,NaN,NaN,NaNCNaN,NaN,NaN,NaN,NaN,NaNCNaN,NaN,NaN,NaN,NaN,NaNCNaN,NaN,NaN,NaN,NaN,NaNCNaN,NaN,NaN,NaN,NaN,NaNCNaN,NaN,NaN,NaN,NaN,NaNCNaN,NaN,NaN,NaN,NaN,NaNCNaN,NaN,NaN,NaN,NaN,NaNCNaN,NaN,NaN,NaN,NaN,NaNCNaN,NaN,NaN,NaN,NaN,NaNCNaN,NaN,NaN,NaN,NaN,NaNCNaN,NaN,NaN,NaN,NaN,NaNCNaN,NaN,NaN,NaN,NaN,NaNCNaN,NaN,NaN,NaN,NaN,NaNCNaN,NaN,NaN,NaN,NaN,NaNCNaN,NaN,NaN,NaN,NaN,NaNCNaN,NaN,NaN,NaN,NaN,NaNCNaN,NaN,NaN,NaN,NaN,NaNCNaN,NaN,NaN,NaN,NaN,NaNCNaN,NaN,NaN,NaN,NaN,NaNCNaN,NaN,NaN,NaN,NaN,NaNCNaN,NaN,NaN,NaN,NaN,NaNCNaN,NaN,NaN,NaN,NaN,NaNCNaN,NaN,NaN,NaN,NaN,NaNCNaN,NaN,NaN,NaN,NaN,NaNCNaN,NaN,NaN,NaN,NaN,NaNCNaN,NaN,NaN,NaN,NaN,NaNCNaN,NaN,NaN,NaN,NaN,NaNCNaN,NaN,NaN,NaN,NaN,NaNCNaN,NaN,NaN,NaN,NaN,NaNCNaN,NaN,NaN,NaN,NaN,NaNCNaN,NaN,NaN,NaN,NaN,NaNCNaN,NaN,NaN,NaN,NaN,NaNCNaN,NaN,NaN,NaN,NaN,NaN"
          fill="none"
          stroke="#302E3D"
          stroke-width="0.16rem"
        />
        <lineargradient
          gradientUnits="userSpaceOnUse"
          id="linear-gradient"
          x1="0%"
          x2="1%"
          y1="81%"
          y2="0%"
        >
          <stop
            offset="0%"
            stop-color="#1A1723"
          />
          <stop
            offset="100%"
            stop-color="#88D1FF"
          />
        </lineargradient>
        <path
          class="selectedArea"
          d="MNaN,NaNCNaN,NaN,NaN,NaN,NaN,NaNCNaN,NaN,NaN,NaN,NaN,NaNCNaN,NaN,NaN,NaN,NaN,NaNCNaN,NaN,NaN,NaN,NaN,NaNCNaN,NaN,NaN,NaN,NaN,NaNCNaN,NaN,NaN,NaN,NaN,NaNCNaN,NaN,NaN,NaN,NaN,NaNCNaN,NaN,NaN,NaN,NaN,NaNCNaN,NaN,NaN,NaN,NaN,NaNCNaN,NaN,NaN,NaN,NaN,NaNCNaN,NaN,NaN,NaN,NaN,NaNCNaN,NaN,NaN,NaN,NaN,NaNCNaN,NaN,NaN,NaN,NaN,NaNCNaN,NaN,NaN,NaN,NaN,NaNCNaN,NaN,NaN,NaN,NaN,NaNCNaN,NaN,NaN,NaN,NaN,NaNCNaN,NaN,NaN,NaN,NaN,NaNCNaN,NaN,NaN,NaN,NaN,NaNCNaN,NaN,NaN,NaN,NaN,NaNCNaN,NaN,NaN,NaN,NaN,NaNCNaN,NaN,NaN,NaN,NaN,NaNCNaN,NaN,NaN,NaN,NaN,NaNCNaN,NaN,NaN,NaN,NaN,NaNCNaN,NaN,NaN,NaN,NaN,NaNCNaN,NaN,NaN,NaN,NaN,NaNCNaN,NaN,NaN,NaN,NaN,NaNCNaN,NaN,NaN,NaN,NaN,NaNCNaN,NaN,NaN,NaN,NaN,NaNCNaN,NaN,NaN,NaN,NaN,NaNCNaN,NaN,NaN,NaN,NaN,NaNCNaN,NaN,NaN,NaN,NaN,NaNCNaN,NaN,NaN,NaN,NaN,NaNCNaN,NaN,NaN,NaN,NaN,NaNCNaN,NaN,NaN,NaN,NaN,NaNCNaN,NaN,NaN,NaN,NaN,NaNCNaN,NaN,NaN,NaN,NaN,NaNCNaN,NaN,NaN,NaN,NaN,NaNCNaN,NaN,NaN,NaN,NaN,NaNCNaN,NaN,NaN,NaN,NaN,NaNCNaN,NaN,NaN,NaN,NaN,NaNCNaN,NaN,NaN,NaN,NaN,NaNCNaN,NaN,NaN,NaN,NaN,NaNCNaN,NaN,NaN,NaN,NaN,NaNCNaN,NaN,NaN,NaN,NaN,NaNCNaN,NaN,NaN,NaN,NaN,NaNCNaN,NaN,NaN,NaN,NaN,NaNCNaN,NaN,NaN,NaN,NaN,NaNCNaN,NaN,NaN,NaN,NaN,NaNCNaN,NaN,NaN,NaN,NaN,NaNCNaN,NaN,NaN,NaN,NaN,NaNCNaN,NaN,NaN,NaN,NaN,NaNCNaN,NaN,NaN,NaN,NaN,NaNCNaN,NaN,NaN,NaN,NaN,NaNCNaN,NaN,NaN,NaN,NaN,NaNCNaN,NaN,NaN,NaN,NaN,NaNCNaN,NaN,NaN,NaN,NaN,NaNCNaN,NaN,NaN,NaN,NaN,NaNCNaN,NaN,NaN,NaN,NaN,NaNCNaN,NaN,NaN,NaN,NaN,NaNCNaN,NaN,NaN,NaN,NaN,NaNCNaN,NaN,NaN,NaN,NaN,NaNCNaN,NaN,NaN,NaN,NaN,NaNCNaN,NaN,NaN,NaN,NaN,NaNCNaN,NaN,NaN,NaN,NaN,NaNCNaN,NaN,NaN,NaN,NaN,NaNCNaN,NaN,NaN,NaN,NaN,NaNCNaN,NaN,NaN,NaN,NaN,NaNCNaN,NaN,NaN,NaN,NaN,NaNCNaN,NaN,NaN,NaN,NaN,NaNCNaN,NaN,NaN,NaN,NaN,NaNCNaN,NaN,NaN,NaN,NaN,NaNCNaN,NaN,NaN,NaN,NaN,NaNCNaN,NaN,NaN,NaN,NaN,NaNCNaN,NaN,NaN,NaN,NaN,NaNCNaN,NaN,NaN,NaN,NaN,NaNCNaN,NaN,NaN,NaN,NaN,NaNCNaN,NaN,NaN,NaN,NaN,NaNCNaN,NaN,NaN,NaN,NaN,NaNCNaN,NaN,NaN,NaN,NaN,NaNCNaN,NaN,NaN,NaN,NaN,NaNCNaN,NaN,NaN,NaN,NaN,NaNCNaN,NaN,NaN,NaN,NaN,NaNCNaN,NaN,NaN,NaN,NaN,NaNCNaN,NaN,NaN,NaN,NaN,NaNCNaN,NaN,NaN,NaN,NaN,NaNCNaN,NaN,NaN,NaN,NaN,NaNCNaN,NaN,NaN,NaN,NaN,NaNCNaN,NaN,NaN,NaN,NaN,NaNCNaN,NaN,NaN,NaN,NaN,NaNCNaN,NaN,NaN,NaN,NaN,NaNCNaN,NaN,NaN,NaN,NaN,NaNCNaN,NaN,NaN,NaN,NaN,NaNCNaN,NaN,NaN,NaN,NaN,NaNCNaN,NaN,NaN,NaN,NaN,NaNCNaN,NaN,NaN,NaN,NaN,NaNCNaN,NaN,NaN,NaN,NaN,NaNCNaN,NaN,NaN,NaN,NaN,NaNCNaN,NaN,NaN,NaN,NaN,NaNCNaN,NaN,NaN,NaN,NaN,NaNLNaN,NaNCNaN,NaN,NaN,NaN,NaN,NaNCNaN,NaN,NaN,NaN,NaN,NaNCNaN,NaN,NaN,NaN,NaN,NaNCNaN,NaN,NaN,NaN,NaN,NaNCNaN,NaN,NaN,NaN,NaN,NaNCNaN,NaN,NaN,NaN,NaN,NaNCNaN,NaN,NaN,NaN,NaN,NaNCNaN,NaN,NaN,NaN,NaN,NaNCNaN,NaN,NaN,NaN,NaN,NaNCNaN,NaN,NaN,NaN,NaN,NaNCNaN,NaN,NaN,NaN,NaN,NaNCNaN,NaN,NaN,NaN,NaN,NaNCNaN,NaN,NaN,NaN,NaN,NaNCNaN,NaN,NaN,NaN,NaN,NaNCNaN,NaN,NaN,NaN,NaN,NaNCNaN,NaN,NaN,NaN,NaN,NaNCNaN,NaN,NaN,NaN,NaN,NaNCNaN,NaN,NaN,NaN,NaN,NaNCNaN,NaN,NaN,NaN,NaN,NaNCNaN,NaN,NaN,NaN,NaN,NaNCNaN,NaN,NaN,NaN,NaN,NaNCNaN,NaN,NaN,NaN,NaN,NaNCNaN,NaN,NaN,NaN,NaN,NaNCNaN,NaN,NaN,NaN,NaN,NaNCNaN,NaN,NaN,NaN,NaN,NaNCNaN,NaN,NaN,NaN,NaN,NaNCNaN,NaN,NaN,NaN,NaN,NaNCNaN,NaN,NaN,NaN,NaN,NaNCNaN,NaN,NaN,NaN,NaN,NaNCNaN,NaN,NaN,NaN,NaN,NaNCNaN,NaN,NaN,NaN,NaN,NaNCNaN,NaN,NaN,NaN,NaN,NaNCNaN,NaN,NaN,NaN,NaN,NaNCNaN,NaN,NaN,NaN,NaN,NaNCNaN,NaN,NaN,NaN,NaN,NaNCNaN,NaN,NaN,NaN,NaN,NaNCNaN,NaN,NaN,NaN,NaN,NaNCNaN,NaN,NaN,NaN,NaN,NaNCNaN,NaN,NaN,NaN,NaN,NaNCNaN,NaN,NaN,NaN,NaN,NaNCNaN,NaN,NaN,NaN,NaN,NaNCNaN,NaN,NaN,NaN,NaN,NaNCNaN,NaN,NaN,NaN,NaN,NaNCNaN,NaN,NaN,NaN,NaN,NaNCNaN,NaN,NaN,NaN,NaN,NaNCNaN,NaN,NaN,NaN,NaN,NaNCNaN,NaN,NaN,NaN,NaN,NaNCNaN,NaN,NaN,NaN,NaN,NaNCNaN,NaN,NaN,NaN,NaN,NaNCNaN,NaN,NaN,NaN,NaN,NaNCNaN,NaN,NaN,NaN,NaN,NaNCNaN,NaN,NaN,NaN,NaN,NaNCNaN,NaN,NaN,NaN,NaN,NaNCNaN,NaN,NaN,NaN,NaN,NaNCNaN,NaN,NaN,NaN,NaN,NaNCNaN,NaN,NaN,NaN,NaN,NaNCNaN,NaN,NaN,NaN,NaN,NaNCNaN,NaN,NaN,NaN,NaN,NaNCNaN,NaN,NaN,NaN,NaN,NaNCNaN,NaN,NaN,NaN,NaN,NaNCNaN,NaN,NaN,NaN,NaN,NaNCNaN,NaN,NaN,NaN,NaN,NaNCNaN,NaN,NaN,NaN,NaN,NaNCNaN,NaN,NaN,NaN,NaN,NaNCNaN,NaN,NaN,NaN,NaN,NaNCNaN,NaN,NaN,NaN,NaN,NaNCNaN,NaN,NaN,NaN,NaN,NaNCNaN,NaN,NaN,NaN,NaN,NaNCNaN,NaN,NaN,NaN,NaN,NaNCNaN,NaN,NaN,NaN,NaN,NaNCNaN,NaN,NaN,NaN,NaN,NaNCNaN,NaN,NaN,NaN,NaN,NaNCNaN,NaN,NaN,NaN,NaN,NaNCNaN,NaN,NaN,NaN,NaN,NaNCNaN,NaN,NaN,NaN,NaN,NaNCNaN,NaN,NaN,NaN,NaN,NaNCNaN,NaN,NaN,NaN,NaN,NaNCNaN,NaN,NaN,NaN,NaN,NaNCNaN,NaN,NaN,NaN,NaN,NaNCNaN,NaN,NaN,NaN,NaN,NaNCNaN,NaN,NaN,NaN,NaN,NaNCNaN,NaN,NaN,NaN,NaN,NaNCNaN,NaN,NaN,NaN,NaN,NaNCNaN,NaN,NaN,NaN,NaN,NaNCNaN,NaN,NaN,NaN,NaN,NaNCNaN,NaN,NaN,NaN,NaN,NaNCNaN,NaN,NaN,NaN,NaN,NaNCNaN,NaN,NaN,NaN,NaN,NaNCNaN,NaN,NaN,NaN,NaN,NaNCNaN,NaN,NaN,NaN,NaN,NaNCNaN,NaN,NaN,NaN,NaN,NaNCNaN,NaN,NaN,NaN,NaN,NaNCNaN,NaN,NaN,NaN,NaN,NaNCNaN,NaN,NaN,NaN,NaN,NaNCNaN,NaN,NaN,NaN,NaN,NaNCNaN,NaN,NaN,NaN,NaN,NaNCNaN,NaN,NaN,NaN,NaN,NaNCNaN,NaN,NaN,NaN,NaN,NaNCNaN,NaN,NaN,NaN,NaN,NaNZ"
          fill="url(#linear-gradient"
          stroke="#4e82a3"
          stroke-width="0.03rem"
        />
        <path
          class="selectedLine"
          d="MNaN,NaNCNaN,NaN,NaN,NaN,NaN,NaNCNaN,NaN,NaN,NaN,NaN,NaNCNaN,NaN,NaN,NaN,NaN,NaNCNaN,NaN,NaN,NaN,NaN,NaNCNaN,NaN,NaN,NaN,NaN,NaNCNaN,NaN,NaN,NaN,NaN,NaNCNaN,NaN,NaN,NaN,NaN,NaNCNaN,NaN,NaN,NaN,NaN,NaNCNaN,NaN,NaN,NaN,NaN,NaNCNaN,NaN,NaN,NaN,NaN,NaNCNaN,NaN,NaN,NaN,NaN,NaNCNaN,NaN,NaN,NaN,NaN,NaNCNaN,NaN,NaN,NaN,NaN,NaNCNaN,NaN,NaN,NaN,NaN,NaNCNaN,NaN,NaN,NaN,NaN,NaNCNaN,NaN,NaN,NaN,NaN,NaNCNaN,NaN,NaN,NaN,NaN,NaNCNaN,NaN,NaN,NaN,NaN,NaNCNaN,NaN,NaN,NaN,NaN,NaNCNaN,NaN,NaN,NaN,NaN,NaNCNaN,NaN,NaN,NaN,NaN,NaNCNaN,NaN,NaN,NaN,NaN,NaNCNaN,NaN,NaN,NaN,NaN,NaNCNaN,NaN,NaN,NaN,NaN,NaNCNaN,NaN,NaN,NaN,NaN,NaNCNaN,NaN,NaN,NaN,NaN,NaNCNaN,NaN,NaN,NaN,NaN,NaNCNaN,NaN,NaN,NaN,NaN,NaNCNaN,NaN,NaN,NaN,NaN,NaNCNaN,NaN,NaN,NaN,NaN,NaNCNaN,NaN,NaN,NaN,NaN,NaNCNaN,NaN,NaN,NaN,NaN,NaNCNaN,NaN,NaN,NaN,NaN,NaNCNaN,NaN,NaN,NaN,NaN,NaNCNaN,NaN,NaN,NaN,NaN,NaNCNaN,NaN,NaN,NaN,NaN,NaNCNaN,NaN,NaN,NaN,NaN,NaNCNaN,NaN,NaN,NaN,NaN,NaNCNaN,NaN,NaN,NaN,NaN,NaNCNaN,NaN,NaN,NaN,NaN,NaNCNaN,NaN,NaN,NaN,NaN,NaNCNaN,NaN,NaN,NaN,NaN,NaNCNaN,NaN,NaN,NaN,NaN,NaNCNaN,NaN,NaN,NaN,NaN,NaNCNaN,NaN,NaN,NaN,NaN,NaNCNaN,NaN,NaN,NaN,NaN,NaNCNaN,NaN,NaN,NaN,NaN,NaNCNaN,NaN,NaN,NaN,NaN,NaNCNaN,NaN,NaN,NaN,NaN,NaNCNaN,NaN,NaN,NaN,NaN,NaNCNaN,NaN,NaN,NaN,NaN,NaNCNaN,NaN,NaN,NaN,NaN,NaNCNaN,NaN,NaN,NaN,NaN,NaNCNaN,NaN,NaN,NaN,NaN,NaNCNaN,NaN,NaN,NaN,NaN,NaNCNaN,NaN,NaN,NaN,NaN,NaNCNaN,NaN,NaN,NaN,NaN,NaNCNaN,NaN,NaN,NaN,NaN,NaNCNaN,NaN,NaN,NaN,NaN,NaNCNaN,NaN,NaN,NaN,NaN,NaNCNaN,NaN,NaN,NaN,NaN,NaNCNaN,NaN,NaN,NaN,NaN,NaNCNaN,NaN,NaN,NaN,NaN,NaNCNaN,NaN,NaN,NaN,NaN,NaNCNaN,NaN,NaN,NaN,NaN,NaNCNaN,NaN,NaN,NaN,NaN,NaNCNaN,NaN,NaN,NaN,NaN,NaNCNaN,NaN,NaN,NaN,NaN,NaNCNaN,NaN,NaN,NaN,NaN,NaNCNaN,NaN,NaN,NaN,NaN,NaNCNaN,NaN,NaN,NaN,NaN,NaNCNaN,NaN,NaN,NaN,NaN,NaNCNaN,NaN,NaN,NaN,NaN,NaNCNaN,NaN,NaN,NaN,NaN,NaNCNaN,NaN,NaN,NaN,NaN,NaNCNaN,NaN,NaN,NaN,NaN,NaNCNaN,NaN,NaN,NaN,NaN,NaNCNaN,NaN,NaN,NaN,NaN,NaNCNaN,NaN,NaN,NaN,NaN,NaNCNaN,NaN,NaN,NaN,NaN,NaNCNaN,NaN,NaN,NaN,NaN,NaNCNaN,NaN,NaN,NaN,NaN,NaNCNaN,NaN,NaN,NaN,NaN,NaNCNaN,NaN,NaN,NaN,NaN,NaNCNaN,NaN,NaN,NaN,NaN,NaNCNaN,NaN,NaN,NaN,NaN,NaNCNaN,NaN,NaN,NaN,NaN,NaNCNaN,NaN,NaN,NaN,NaN,NaNCNaN,NaN,NaN,NaN,NaN,NaNCNaN,NaN,NaN,NaN,NaN,NaNCNaN,NaN,NaN,NaN,NaN,NaNCNaN,NaN,NaN,NaN,NaN,NaNCNaN,NaN,NaN,NaN,NaN,NaNCNaN,NaN,NaN,NaN,NaN,NaNCNaN,NaN,NaN,NaN,NaN,NaNCNaN,NaN,NaN,NaN,NaN,NaNCNaN,NaN,NaN,NaN,NaN,NaNCNaN,NaN,NaN,NaN,NaN,NaNCNaN,NaN,NaN,NaN,NaN,NaN"
          fill="none"
          stroke="#88D1FF"
          stroke-width="0.15rem"
        />
        <line
          stroke="#1A1723"
          stroke-width="0.12rem"
          x1="90"
          x2="-20"
          y1="NaN"
          y2="NaN"
        />
      </g>
    </svg>
  </div>
</DocumentFragment>
`;

exports[`Given the LineChart component when the component is rendered should match the snapshot with bidDenom weak 1`] = `
<DocumentFragment>
  <div
    data-testid="bond-line-chart"
    style="margin-top: 1rem; height: 400px;"
  >
    <svg
      class="sc-bdnxRM jsxgsd"
    >
      <defs>
        <clippath
          id="bondingChart"
        >
          <rect
            height="100%"
            width="100%"
            x="0"
            y="0"
          />
        </clippath>
      </defs>
      <g
        class="y-axis"
        fill="none"
        font-family="sans-serif"
        font-size="10"
        style="color: rgb(26, 23, 35);"
        text-anchor="end"
        transform="translate(90, 0)"
      >
        <path
          class="domain"
          d="M-6,-59.5H0.5V10.5H-6"
          stroke="currentColor"
        />
      </g>
      <g
        class="x-axis1"
        fill="none"
        font-family="sans-serif"
        font-size="10"
        style="color: rgb(48, 46, 61);"
        text-anchor="middle"
        transform="translate(0, -60)"
      >
        <path
          class="domain"
          d="M90.5,10V0.5H-19.5V10"
          stroke="currentColor"
        />
      </g>
      <g
        class="x-axis"
        fill="none"
        font-family="sans-serif"
        font-size="10"
        stroke-width="0.10rem"
        style="color: rgb(48, 46, 61);"
        text-anchor="middle"
        transform="translate(0, -60)"
      >
        <path
          class="domain"
          d="M90.5,15V0.5H-19.5V15"
          stroke="currentColor"
        />
      </g>
      <g
        class="content"
        clip-path="url(#bondingChart)"
      >
        <path
          class="baseLine"
          d="MNaN,NaNCNaN,NaN,NaN,NaN,NaN,NaNCNaN,NaN,NaN,NaN,NaN,NaNCNaN,NaN,NaN,NaN,NaN,NaNCNaN,NaN,NaN,NaN,NaN,NaNCNaN,NaN,NaN,NaN,NaN,NaNCNaN,NaN,NaN,NaN,NaN,NaNCNaN,NaN,NaN,NaN,NaN,NaNCNaN,NaN,NaN,NaN,NaN,NaNCNaN,NaN,NaN,NaN,NaN,NaNCNaN,NaN,NaN,NaN,NaN,NaNCNaN,NaN,NaN,NaN,NaN,NaNCNaN,NaN,NaN,NaN,NaN,NaNCNaN,NaN,NaN,NaN,NaN,NaNCNaN,NaN,NaN,NaN,NaN,NaNCNaN,NaN,NaN,NaN,NaN,NaNCNaN,NaN,NaN,NaN,NaN,NaNCNaN,NaN,NaN,NaN,NaN,NaNCNaN,NaN,NaN,NaN,NaN,NaNCNaN,NaN,NaN,NaN,NaN,NaNCNaN,NaN,NaN,NaN,NaN,NaNCNaN,NaN,NaN,NaN,NaN,NaNCNaN,NaN,NaN,NaN,NaN,NaNCNaN,NaN,NaN,NaN,NaN,NaNCNaN,NaN,NaN,NaN,NaN,NaNCNaN,NaN,NaN,NaN,NaN,NaNCNaN,NaN,NaN,NaN,NaN,NaNCNaN,NaN,NaN,NaN,NaN,NaNCNaN,NaN,NaN,NaN,NaN,NaNCNaN,NaN,NaN,NaN,NaN,NaNCNaN,NaN,NaN,NaN,NaN,NaNCNaN,NaN,NaN,NaN,NaN,NaNCNaN,NaN,NaN,NaN,NaN,NaNCNaN,NaN,NaN,NaN,NaN,NaNCNaN,NaN,NaN,NaN,NaN,NaNCNaN,NaN,NaN,NaN,NaN,NaNCNaN,NaN,NaN,NaN,NaN,NaNCNaN,NaN,NaN,NaN,NaN,NaNCNaN,NaN,NaN,NaN,NaN,NaNCNaN,NaN,NaN,NaN,NaN,NaNCNaN,NaN,NaN,NaN,NaN,NaNCNaN,NaN,NaN,NaN,NaN,NaNCNaN,NaN,NaN,NaN,NaN,NaNCNaN,NaN,NaN,NaN,NaN,NaNCNaN,NaN,NaN,NaN,NaN,NaNCNaN,NaN,NaN,NaN,NaN,NaNCNaN,NaN,NaN,NaN,NaN,NaNCNaN,NaN,NaN,NaN,NaN,NaNCNaN,NaN,NaN,NaN,NaN,NaNCNaN,NaN,NaN,NaN,NaN,NaNCNaN,NaN,NaN,NaN,NaN,NaNCNaN,NaN,NaN,NaN,NaN,NaNCNaN,NaN,NaN,NaN,NaN,NaNCNaN,NaN,NaN,NaN,NaN,NaNCNaN,NaN,NaN,NaN,NaN,NaNCNaN,NaN,NaN,NaN,NaN,NaNCNaN,NaN,NaN,NaN,NaN,NaNCNaN,NaN,NaN,NaN,NaN,NaNCNaN,NaN,NaN,NaN,NaN,NaNCNaN,NaN,NaN,NaN,NaN,NaNCNaN,NaN,NaN,NaN,NaN,NaNCNaN,NaN,NaN,NaN,NaN,NaNCNaN,NaN,NaN,NaN,NaN,NaNCNaN,NaN,NaN,NaN,NaN,NaNCNaN,NaN,NaN,NaN,NaN,NaNCNaN,NaN,NaN,NaN,NaN,NaNCNaN,NaN,NaN,NaN,NaN,NaNCNaN,NaN,NaN,NaN,NaN,NaNCNaN,NaN,NaN,NaN,NaN,NaNCNaN,NaN,NaN,NaN,NaN,NaNCNaN,NaN,NaN,NaN,NaN,NaNCNaN,NaN,NaN,NaN,NaN,NaNCNaN,NaN,NaN,NaN,NaN,NaNCNaN,NaN,NaN,NaN,NaN,NaNCNaN,NaN,NaN,NaN,NaN,NaNCNaN,NaN,NaN,NaN,NaN,NaNCNaN,NaN,NaN,NaN,NaN,NaNCNaN,NaN,NaN,NaN,NaN,NaNCNaN,NaN,NaN,NaN,NaN,NaNCNaN,NaN,NaN,NaN,NaN,NaNCNaN,NaN,NaN,NaN,NaN,NaNCNaN,NaN,NaN,NaN,NaN,NaNCNaN,NaN,NaN,NaN,NaN,NaNCNaN,NaN,NaN,NaN,NaN,NaNCNaN,NaN,NaN,NaN,NaN,NaNCNaN,NaN,NaN,NaN,NaN,NaNCNaN,NaN,NaN,NaN,NaN,NaNCNaN,NaN,NaN,NaN,NaN,NaNCNaN,NaN,NaN,NaN,NaN,NaNCNaN,NaN,NaN,NaN,NaN,NaNCNaN,NaN,NaN,NaN,NaN,NaNCNaN,NaN,NaN,NaN,NaN,NaNCNaN,NaN,NaN,NaN,NaN,NaNCNaN,NaN,NaN,NaN,NaN,NaNCNaN,NaN,NaN,NaN,NaN,NaNCNaN,NaN,NaN,NaN,NaN,NaNCNaN,NaN,NaN,NaN,NaN,NaNCNaN,NaN,NaN,NaN,NaN,NaNCNaN,NaN,NaN,NaN,NaN,NaNCNaN,NaN,NaN,NaN,NaN,NaN"
          fill="none"
          stroke="#302E3D"
          stroke-width="0.16rem"
        />
        <lineargradient
          gradientUnits="userSpaceOnUse"
          id="linear-gradient"
          x1="0%"
          x2="1%"
          y1="81%"
          y2="0%"
        >
          <stop
            offset="0%"
            stop-color="#1A1723"
          />
          <stop
            offset="100%"
            stop-color="#88D1FF"
          />
        </lineargradient>
        <path
          class="selectedArea"
          d="MNaN,NaNCNaN,NaN,NaN,NaN,NaN,NaNCNaN,NaN,NaN,NaN,NaN,NaNCNaN,NaN,NaN,NaN,NaN,NaNCNaN,NaN,NaN,NaN,NaN,NaNCNaN,NaN,NaN,NaN,NaN,NaNCNaN,NaN,NaN,NaN,NaN,NaNCNaN,NaN,NaN,NaN,NaN,NaNCNaN,NaN,NaN,NaN,NaN,NaNCNaN,NaN,NaN,NaN,NaN,NaNCNaN,NaN,NaN,NaN,NaN,NaNCNaN,NaN,NaN,NaN,NaN,NaNCNaN,NaN,NaN,NaN,NaN,NaNCNaN,NaN,NaN,NaN,NaN,NaNCNaN,NaN,NaN,NaN,NaN,NaNCNaN,NaN,NaN,NaN,NaN,NaNCNaN,NaN,NaN,NaN,NaN,NaNCNaN,NaN,NaN,NaN,NaN,NaNCNaN,NaN,NaN,NaN,NaN,NaNCNaN,NaN,NaN,NaN,NaN,NaNCNaN,NaN,NaN,NaN,NaN,NaNCNaN,NaN,NaN,NaN,NaN,NaNCNaN,NaN,NaN,NaN,NaN,NaNCNaN,NaN,NaN,NaN,NaN,NaNCNaN,NaN,NaN,NaN,NaN,NaNCNaN,NaN,NaN,NaN,NaN,NaNCNaN,NaN,NaN,NaN,NaN,NaNCNaN,NaN,NaN,NaN,NaN,NaNCNaN,NaN,NaN,NaN,NaN,NaNCNaN,NaN,NaN,NaN,NaN,NaNCNaN,NaN,NaN,NaN,NaN,NaNCNaN,NaN,NaN,NaN,NaN,NaNCNaN,NaN,NaN,NaN,NaN,NaNCNaN,NaN,NaN,NaN,NaN,NaNCNaN,NaN,NaN,NaN,NaN,NaNCNaN,NaN,NaN,NaN,NaN,NaNCNaN,NaN,NaN,NaN,NaN,NaNCNaN,NaN,NaN,NaN,NaN,NaNCNaN,NaN,NaN,NaN,NaN,NaNCNaN,NaN,NaN,NaN,NaN,NaNCNaN,NaN,NaN,NaN,NaN,NaNCNaN,NaN,NaN,NaN,NaN,NaNCNaN,NaN,NaN,NaN,NaN,NaNCNaN,NaN,NaN,NaN,NaN,NaNCNaN,NaN,NaN,NaN,NaN,NaNCNaN,NaN,NaN,NaN,NaN,NaNCNaN,NaN,NaN,NaN,NaN,NaNCNaN,NaN,NaN,NaN,NaN,NaNCNaN,NaN,NaN,NaN,NaN,NaNCNaN,NaN,NaN,NaN,NaN,NaNCNaN,NaN,NaN,NaN,NaN,NaNCNaN,NaN,NaN,NaN,NaN,NaNCNaN,NaN,NaN,NaN,NaN,NaNCNaN,NaN,NaN,NaN,NaN,NaNCNaN,NaN,NaN,NaN,NaN,NaNCNaN,NaN,NaN,NaN,NaN,NaNCNaN,NaN,NaN,NaN,NaN,NaNCNaN,NaN,NaN,NaN,NaN,NaNCNaN,NaN,NaN,NaN,NaN,NaNCNaN,NaN,NaN,NaN,NaN,NaNCNaN,NaN,NaN,NaN,NaN,NaNCNaN,NaN,NaN,NaN,NaN,NaNCNaN,NaN,NaN,NaN,NaN,NaNCNaN,NaN,NaN,NaN,NaN,NaNCNaN,NaN,NaN,NaN,NaN,NaNCNaN,NaN,NaN,NaN,NaN,NaNCNaN,NaN,NaN,NaN,NaN,NaNCNaN,NaN,NaN,NaN,NaN,NaNCNaN,NaN,NaN,NaN,NaN,NaNCNaN,NaN,NaN,NaN,NaN,NaNCNaN,NaN,NaN,NaN,NaN,NaNCNaN,NaN,NaN,NaN,NaN,NaNCNaN,NaN,NaN,NaN,NaN,NaNCNaN,NaN,NaN,NaN,NaN,NaNCNaN,NaN,NaN,NaN,NaN,NaNCNaN,NaN,NaN,NaN,NaN,NaNCNaN,NaN,NaN,NaN,NaN,NaNCNaN,NaN,NaN,NaN,NaN,NaNCNaN,NaN,NaN,NaN,NaN,NaNCNaN,NaN,NaN,NaN,NaN,NaNCNaN,NaN,NaN,NaN,NaN,NaNCNaN,NaN,NaN,NaN,NaN,NaNCNaN,NaN,NaN,NaN,NaN,NaNCNaN,NaN,NaN,NaN,NaN,NaNCNaN,NaN,NaN,NaN,NaN,NaNCNaN,NaN,NaN,NaN,NaN,NaNCNaN,NaN,NaN,NaN,NaN,NaNCNaN,NaN,NaN,NaN,NaN,NaNCNaN,NaN,NaN,NaN,NaN,NaNCNaN,NaN,NaN,NaN,NaN,NaNCNaN,NaN,NaN,NaN,NaN,NaNCNaN,NaN,NaN,NaN,NaN,NaNCNaN,NaN,NaN,NaN,NaN,NaNCNaN,NaN,NaN,NaN,NaN,NaNCNaN,NaN,NaN,NaN,NaN,NaNCNaN,NaN,NaN,NaN,NaN,NaNCNaN,NaN,NaN,NaN,NaN,NaNCNaN,NaN,NaN,NaN,NaN,NaNCNaN,NaN,NaN,NaN,NaN,NaNCNaN,NaN,NaN,NaN,NaN,NaNLNaN,NaNCNaN,NaN,NaN,NaN,NaN,NaNCNaN,NaN,NaN,NaN,NaN,NaNCNaN,NaN,NaN,NaN,NaN,NaNCNaN,NaN,NaN,NaN,NaN,NaNCNaN,NaN,NaN,NaN,NaN,NaNCNaN,NaN,NaN,NaN,NaN,NaNCNaN,NaN,NaN,NaN,NaN,NaNCNaN,NaN,NaN,NaN,NaN,NaNCNaN,NaN,NaN,NaN,NaN,NaNCNaN,NaN,NaN,NaN,NaN,NaNCNaN,NaN,NaN,NaN,NaN,NaNCNaN,NaN,NaN,NaN,NaN,NaNCNaN,NaN,NaN,NaN,NaN,NaNCNaN,NaN,NaN,NaN,NaN,NaNCNaN,NaN,NaN,NaN,NaN,NaNCNaN,NaN,NaN,NaN,NaN,NaNCNaN,NaN,NaN,NaN,NaN,NaNCNaN,NaN,NaN,NaN,NaN,NaNCNaN,NaN,NaN,NaN,NaN,NaNCNaN,NaN,NaN,NaN,NaN,NaNCNaN,NaN,NaN,NaN,NaN,NaNCNaN,NaN,NaN,NaN,NaN,NaNCNaN,NaN,NaN,NaN,NaN,NaNCNaN,NaN,NaN,NaN,NaN,NaNCNaN,NaN,NaN,NaN,NaN,NaNCNaN,NaN,NaN,NaN,NaN,NaNCNaN,NaN,NaN,NaN,NaN,NaNCNaN,NaN,NaN,NaN,NaN,NaNCNaN,NaN,NaN,NaN,NaN,NaNCNaN,NaN,NaN,NaN,NaN,NaNCNaN,NaN,NaN,NaN,NaN,NaNCNaN,NaN,NaN,NaN,NaN,NaNCNaN,NaN,NaN,NaN,NaN,NaNCNaN,NaN,NaN,NaN,NaN,NaNCNaN,NaN,NaN,NaN,NaN,NaNCNaN,NaN,NaN,NaN,NaN,NaNCNaN,NaN,NaN,NaN,NaN,NaNCNaN,NaN,NaN,NaN,NaN,NaNCNaN,NaN,NaN,NaN,NaN,NaNCNaN,NaN,NaN,NaN,NaN,NaNCNaN,NaN,NaN,NaN,NaN,NaNCNaN,NaN,NaN,NaN,NaN,NaNCNaN,NaN,NaN,NaN,NaN,NaNCNaN,NaN,NaN,NaN,NaN,NaNCNaN,NaN,NaN,NaN,NaN,NaNCNaN,NaN,NaN,NaN,NaN,NaNCNaN,NaN,NaN,NaN,NaN,NaNCNaN,NaN,NaN,NaN,NaN,NaNCNaN,NaN,NaN,NaN,NaN,NaNCNaN,NaN,NaN,NaN,NaN,NaNCNaN,NaN,NaN,NaN,NaN,NaNCNaN,NaN,NaN,NaN,NaN,NaNCNaN,NaN,NaN,NaN,NaN,NaNCNaN,NaN,NaN,NaN,NaN,NaNCNaN,NaN,NaN,NaN,NaN,NaNCNaN,NaN,NaN,NaN,NaN,NaNCNaN,NaN,NaN,NaN,NaN,NaNCNaN,NaN,NaN,NaN,NaN,NaNCNaN,NaN,NaN,NaN,NaN,NaNCNaN,NaN,NaN,NaN,NaN,NaNCNaN,NaN,NaN,NaN,NaN,NaNCNaN,NaN,NaN,NaN,NaN,NaNCNaN,NaN,NaN,NaN,NaN,NaNCNaN,NaN,NaN,NaN,NaN,NaNCNaN,NaN,NaN,NaN,NaN,NaNCNaN,NaN,NaN,NaN,NaN,NaNCNaN,NaN,NaN,NaN,NaN,NaNCNaN,NaN,NaN,NaN,NaN,NaNCNaN,NaN,NaN,NaN,NaN,NaNCNaN,NaN,NaN,NaN,NaN,NaNCNaN,NaN,NaN,NaN,NaN,NaNCNaN,NaN,NaN,NaN,NaN,NaNCNaN,NaN,NaN,NaN,NaN,NaNCNaN,NaN,NaN,NaN,NaN,NaNCNaN,NaN,NaN,NaN,NaN,NaNCNaN,NaN,NaN,NaN,NaN,NaNCNaN,NaN,NaN,NaN,NaN,NaNCNaN,NaN,NaN,NaN,NaN,NaNCNaN,NaN,NaN,NaN,NaN,NaNCNaN,NaN,NaN,NaN,NaN,NaNCNaN,NaN,NaN,NaN,NaN,NaNCNaN,NaN,NaN,NaN,NaN,NaNCNaN,NaN,NaN,NaN,NaN,NaNCNaN,NaN,NaN,NaN,NaN,NaNCNaN,NaN,NaN,NaN,NaN,NaNCNaN,NaN,NaN,NaN,NaN,NaNCNaN,NaN,NaN,NaN,NaN,NaNCNaN,NaN,NaN,NaN,NaN,NaNCNaN,NaN,NaN,NaN,NaN,NaNCNaN,NaN,NaN,NaN,NaN,NaNCNaN,NaN,NaN,NaN,NaN,NaNCNaN,NaN,NaN,NaN,NaN,NaNCNaN,NaN,NaN,NaN,NaN,NaNCNaN,NaN,NaN,NaN,NaN,NaNCNaN,NaN,NaN,NaN,NaN,NaNCNaN,NaN,NaN,NaN,NaN,NaNCNaN,NaN,NaN,NaN,NaN,NaNCNaN,NaN,NaN,NaN,NaN,NaNCNaN,NaN,NaN,NaN,NaN,NaNZ"
          fill="url(#linear-gradient"
          stroke="#4e82a3"
          stroke-width="0.03rem"
        />
        <path
          class="selectedLine"
          d="MNaN,NaNCNaN,NaN,NaN,NaN,NaN,NaNCNaN,NaN,NaN,NaN,NaN,NaNCNaN,NaN,NaN,NaN,NaN,NaNCNaN,NaN,NaN,NaN,NaN,NaNCNaN,NaN,NaN,NaN,NaN,NaNCNaN,NaN,NaN,NaN,NaN,NaNCNaN,NaN,NaN,NaN,NaN,NaNCNaN,NaN,NaN,NaN,NaN,NaNCNaN,NaN,NaN,NaN,NaN,NaNCNaN,NaN,NaN,NaN,NaN,NaNCNaN,NaN,NaN,NaN,NaN,NaNCNaN,NaN,NaN,NaN,NaN,NaNCNaN,NaN,NaN,NaN,NaN,NaNCNaN,NaN,NaN,NaN,NaN,NaNCNaN,NaN,NaN,NaN,NaN,NaNCNaN,NaN,NaN,NaN,NaN,NaNCNaN,NaN,NaN,NaN,NaN,NaNCNaN,NaN,NaN,NaN,NaN,NaNCNaN,NaN,NaN,NaN,NaN,NaNCNaN,NaN,NaN,NaN,NaN,NaNCNaN,NaN,NaN,NaN,NaN,NaNCNaN,NaN,NaN,NaN,NaN,NaNCNaN,NaN,NaN,NaN,NaN,NaNCNaN,NaN,NaN,NaN,NaN,NaNCNaN,NaN,NaN,NaN,NaN,NaNCNaN,NaN,NaN,NaN,NaN,NaNCNaN,NaN,NaN,NaN,NaN,NaNCNaN,NaN,NaN,NaN,NaN,NaNCNaN,NaN,NaN,NaN,NaN,NaNCNaN,NaN,NaN,NaN,NaN,NaNCNaN,NaN,NaN,NaN,NaN,NaNCNaN,NaN,NaN,NaN,NaN,NaNCNaN,NaN,NaN,NaN,NaN,NaNCNaN,NaN,NaN,NaN,NaN,NaNCNaN,NaN,NaN,NaN,NaN,NaNCNaN,NaN,NaN,NaN,NaN,NaNCNaN,NaN,NaN,NaN,NaN,NaNCNaN,NaN,NaN,NaN,NaN,NaNCNaN,NaN,NaN,NaN,NaN,NaNCNaN,NaN,NaN,NaN,NaN,NaNCNaN,NaN,NaN,NaN,NaN,NaNCNaN,NaN,NaN,NaN,NaN,NaNCNaN,NaN,NaN,NaN,NaN,NaNCNaN,NaN,NaN,NaN,NaN,NaNCNaN,NaN,NaN,NaN,NaN,NaNCNaN,NaN,NaN,NaN,NaN,NaNCNaN,NaN,NaN,NaN,NaN,NaNCNaN,NaN,NaN,NaN,NaN,NaNCNaN,NaN,NaN,NaN,NaN,NaNCNaN,NaN,NaN,NaN,NaN,NaNCNaN,NaN,NaN,NaN,NaN,NaNCNaN,NaN,NaN,NaN,NaN,NaNCNaN,NaN,NaN,NaN,NaN,NaNCNaN,NaN,NaN,NaN,NaN,NaNCNaN,NaN,NaN,NaN,NaN,NaNCNaN,NaN,NaN,NaN,NaN,NaNCNaN,NaN,NaN,NaN,NaN,NaNCNaN,NaN,NaN,NaN,NaN,NaNCNaN,NaN,NaN,NaN,NaN,NaNCNaN,NaN,NaN,NaN,NaN,NaNCNaN,NaN,NaN,NaN,NaN,NaNCNaN,NaN,NaN,NaN,NaN,NaNCNaN,NaN,NaN,NaN,NaN,NaNCNaN,NaN,NaN,NaN,NaN,NaNCNaN,NaN,NaN,NaN,NaN,NaNCNaN,NaN,NaN,NaN,NaN,NaNCNaN,NaN,NaN,NaN,NaN,NaNCNaN,NaN,NaN,NaN,NaN,NaNCNaN,NaN,NaN,NaN,NaN,NaNCNaN,NaN,NaN,NaN,NaN,NaNCNaN,NaN,NaN,NaN,NaN,NaNCNaN,NaN,NaN,NaN,NaN,NaNCNaN,NaN,NaN,NaN,NaN,NaNCNaN,NaN,NaN,NaN,NaN,NaNCNaN,NaN,NaN,NaN,NaN,NaNCNaN,NaN,NaN,NaN,NaN,NaNCNaN,NaN,NaN,NaN,NaN,NaNCNaN,NaN,NaN,NaN,NaN,NaNCNaN,NaN,NaN,NaN,NaN,NaNCNaN,NaN,NaN,NaN,NaN,NaNCNaN,NaN,NaN,NaN,NaN,NaNCNaN,NaN,NaN,NaN,NaN,NaNCNaN,NaN,NaN,NaN,NaN,NaNCNaN,NaN,NaN,NaN,NaN,NaNCNaN,NaN,NaN,NaN,NaN,NaNCNaN,NaN,NaN,NaN,NaN,NaNCNaN,NaN,NaN,NaN,NaN,NaNCNaN,NaN,NaN,NaN,NaN,NaNCNaN,NaN,NaN,NaN,NaN,NaNCNaN,NaN,NaN,NaN,NaN,NaNCNaN,NaN,NaN,NaN,NaN,NaNCNaN,NaN,NaN,NaN,NaN,NaNCNaN,NaN,NaN,NaN,NaN,NaNCNaN,NaN,NaN,NaN,NaN,NaNCNaN,NaN,NaN,NaN,NaN,NaNCNaN,NaN,NaN,NaN,NaN,NaNCNaN,NaN,NaN,NaN,NaN,NaNCNaN,NaN,NaN,NaN,NaN,NaNCNaN,NaN,NaN,NaN,NaN,NaN"
          fill="none"
          stroke="#88D1FF"
          stroke-width="0.15rem"
        />
        <line
          stroke="#1A1723"
          stroke-width="0.12rem"
          x1="90"
          x2="-20"
          y1="NaN"
          y2="NaN"
        />
      </g>
    </svg>
  </div>
</DocumentFragment>
`;

exports[`Given the LineChart component when the component is rendered should match the snapshot with not defined bidDenom 1`] = `
<DocumentFragment>
  <div
    data-testid="bond-line-chart"
    style="margin-top: 1rem; height: 400px;"
  >
    <svg
      class="sc-bdnxRM jsxgsd"
    >
      <defs>
        <clippath
          id="bondingChart"
        >
          <rect
            height="100%"
            width="100%"
            x="0"
            y="0"
          />
        </clippath>
      </defs>
      <g
        class="y-axis"
        fill="none"
        font-family="sans-serif"
        font-size="10"
        style="color: rgb(26, 23, 35);"
        text-anchor="end"
        transform="translate(90, 0)"
      >
        <path
          class="domain"
          d="M-6,-59.5H0.5V10.5H-6"
          stroke="currentColor"
        />
      </g>
      <g
        class="x-axis1"
        fill="none"
        font-family="sans-serif"
        font-size="10"
        style="color: rgb(48, 46, 61);"
        text-anchor="middle"
        transform="translate(0, -60)"
      >
        <path
          class="domain"
          d="M90.5,10V0.5H-19.5V10"
          stroke="currentColor"
        />
      </g>
      <g
        class="x-axis"
        fill="none"
        font-family="sans-serif"
        font-size="10"
        stroke-width="0.10rem"
        style="color: rgb(48, 46, 61);"
        text-anchor="middle"
        transform="translate(0, -60)"
      >
        <path
          class="domain"
          d="M90.5,15V0.5H-19.5V15"
          stroke="currentColor"
        />
      </g>
      <g
        class="content"
        clip-path="url(#bondingChart)"
      >
        <path
          class="baseLine"
          d="MNaN,NaNCNaN,NaN,NaN,NaN,NaN,NaNCNaN,NaN,NaN,NaN,NaN,NaNCNaN,NaN,NaN,NaN,NaN,NaNCNaN,NaN,NaN,NaN,NaN,NaNCNaN,NaN,NaN,NaN,NaN,NaNCNaN,NaN,NaN,NaN,NaN,NaNCNaN,NaN,NaN,NaN,NaN,NaNCNaN,NaN,NaN,NaN,NaN,NaNCNaN,NaN,NaN,NaN,NaN,NaNCNaN,NaN,NaN,NaN,NaN,NaNCNaN,NaN,NaN,NaN,NaN,NaNCNaN,NaN,NaN,NaN,NaN,NaNCNaN,NaN,NaN,NaN,NaN,NaNCNaN,NaN,NaN,NaN,NaN,NaNCNaN,NaN,NaN,NaN,NaN,NaNCNaN,NaN,NaN,NaN,NaN,NaNCNaN,NaN,NaN,NaN,NaN,NaNCNaN,NaN,NaN,NaN,NaN,NaNCNaN,NaN,NaN,NaN,NaN,NaNCNaN,NaN,NaN,NaN,NaN,NaNCNaN,NaN,NaN,NaN,NaN,NaNCNaN,NaN,NaN,NaN,NaN,NaNCNaN,NaN,NaN,NaN,NaN,NaNCNaN,NaN,NaN,NaN,NaN,NaNCNaN,NaN,NaN,NaN,NaN,NaNCNaN,NaN,NaN,NaN,NaN,NaNCNaN,NaN,NaN,NaN,NaN,NaNCNaN,NaN,NaN,NaN,NaN,NaNCNaN,NaN,NaN,NaN,NaN,NaNCNaN,NaN,NaN,NaN,NaN,NaNCNaN,NaN,NaN,NaN,NaN,NaNCNaN,NaN,NaN,NaN,NaN,NaNCNaN,NaN,NaN,NaN,NaN,NaNCNaN,NaN,NaN,NaN,NaN,NaNCNaN,NaN,NaN,NaN,NaN,NaNCNaN,NaN,NaN,NaN,NaN,NaNCNaN,NaN,NaN,NaN,NaN,NaNCNaN,NaN,NaN,NaN,NaN,NaNCNaN,NaN,NaN,NaN,NaN,NaNCNaN,NaN,NaN,NaN,NaN,NaNCNaN,NaN,NaN,NaN,NaN,NaNCNaN,NaN,NaN,NaN,NaN,NaNCNaN,NaN,NaN,NaN,NaN,NaNCNaN,NaN,NaN,NaN,NaN,NaNCNaN,NaN,NaN,NaN,NaN,NaNCNaN,NaN,NaN,NaN,NaN,NaNCNaN,NaN,NaN,NaN,NaN,NaNCNaN,NaN,NaN,NaN,NaN,NaNCNaN,NaN,NaN,NaN,NaN,NaNCNaN,NaN,NaN,NaN,NaN,NaNCNaN,NaN,NaN,NaN,NaN,NaNCNaN,NaN,NaN,NaN,NaN,NaNCNaN,NaN,NaN,NaN,NaN,NaNCNaN,NaN,NaN,NaN,NaN,NaNCNaN,NaN,NaN,NaN,NaN,NaNCNaN,NaN,NaN,NaN,NaN,NaNCNaN,NaN,NaN,NaN,NaN,NaNCNaN,NaN,NaN,NaN,NaN,NaNCNaN,NaN,NaN,NaN,NaN,NaNCNaN,NaN,NaN,NaN,NaN,NaNCNaN,NaN,NaN,NaN,NaN,NaNCNaN,NaN,NaN,NaN,NaN,NaNCNaN,NaN,NaN,NaN,NaN,NaNCNaN,NaN,NaN,NaN,NaN,NaNCNaN,NaN,NaN,NaN,NaN,NaNCNaN,NaN,NaN,NaN,NaN,NaNCNaN,NaN,NaN,NaN,NaN,NaNCNaN,NaN,NaN,NaN,NaN,NaNCNaN,NaN,NaN,NaN,NaN,NaNCNaN,NaN,NaN,NaN,NaN,NaNCNaN,NaN,NaN,NaN,NaN,NaNCNaN,NaN,NaN,NaN,NaN,NaNCNaN,NaN,NaN,NaN,NaN,NaNCNaN,NaN,NaN,NaN,NaN,NaNCNaN,NaN,NaN,NaN,NaN,NaNCNaN,NaN,NaN,NaN,NaN,NaNCNaN,NaN,NaN,NaN,NaN,NaNCNaN,NaN,NaN,NaN,NaN,NaNCNaN,NaN,NaN,NaN,NaN,NaNCNaN,NaN,NaN,NaN,NaN,NaNCNaN,NaN,NaN,NaN,NaN,NaNCNaN,NaN,NaN,NaN,NaN,NaNCNaN,NaN,NaN,NaN,NaN,NaNCNaN,NaN,NaN,NaN,NaN,NaNCNaN,NaN,NaN,NaN,NaN,NaNCNaN,NaN,NaN,NaN,NaN,NaNCNaN,NaN,NaN,NaN,NaN,NaNCNaN,NaN,NaN,NaN,NaN,NaNCNaN,NaN,NaN,NaN,NaN,NaNCNaN,NaN,NaN,NaN,NaN,NaNCNaN,NaN,NaN,NaN,NaN,NaNCNaN,NaN,NaN,NaN,NaN,NaNCNaN,NaN,NaN,NaN,NaN,NaNCNaN,NaN,NaN,NaN,NaN,NaNCNaN,NaN,NaN,NaN,NaN,NaNCNaN,NaN,NaN,NaN,NaN,NaNCNaN,NaN,NaN,NaN,NaN,NaNCNaN,NaN,NaN,NaN,NaN,NaNCNaN,NaN,NaN,NaN,NaN,NaN"
          fill="none"
          stroke="#302E3D"
          stroke-width="0.16rem"
        />
        <lineargradient
          gradientUnits="userSpaceOnUse"
          id="linear-gradient"
          x1="0%"
          x2="1%"
          y1="81%"
          y2="0%"
        >
          <stop
            offset="0%"
            stop-color="#1A1723"
          />
          <stop
            offset="100%"
            stop-color="#88D1FF"
          />
        </lineargradient>
        <path
          class="selectedArea"
          d="MNaN,NaNCNaN,NaN,NaN,NaN,NaN,NaNCNaN,NaN,NaN,NaN,NaN,NaNCNaN,NaN,NaN,NaN,NaN,NaNCNaN,NaN,NaN,NaN,NaN,NaNCNaN,NaN,NaN,NaN,NaN,NaNCNaN,NaN,NaN,NaN,NaN,NaNCNaN,NaN,NaN,NaN,NaN,NaNCNaN,NaN,NaN,NaN,NaN,NaNCNaN,NaN,NaN,NaN,NaN,NaNCNaN,NaN,NaN,NaN,NaN,NaNCNaN,NaN,NaN,NaN,NaN,NaNCNaN,NaN,NaN,NaN,NaN,NaNCNaN,NaN,NaN,NaN,NaN,NaNCNaN,NaN,NaN,NaN,NaN,NaNCNaN,NaN,NaN,NaN,NaN,NaNCNaN,NaN,NaN,NaN,NaN,NaNCNaN,NaN,NaN,NaN,NaN,NaNCNaN,NaN,NaN,NaN,NaN,NaNCNaN,NaN,NaN,NaN,NaN,NaNCNaN,NaN,NaN,NaN,NaN,NaNCNaN,NaN,NaN,NaN,NaN,NaNCNaN,NaN,NaN,NaN,NaN,NaNCNaN,NaN,NaN,NaN,NaN,NaNCNaN,NaN,NaN,NaN,NaN,NaNCNaN,NaN,NaN,NaN,NaN,NaNCNaN,NaN,NaN,NaN,NaN,NaNCNaN,NaN,NaN,NaN,NaN,NaNCNaN,NaN,NaN,NaN,NaN,NaNCNaN,NaN,NaN,NaN,NaN,NaNCNaN,NaN,NaN,NaN,NaN,NaNCNaN,NaN,NaN,NaN,NaN,NaNCNaN,NaN,NaN,NaN,NaN,NaNCNaN,NaN,NaN,NaN,NaN,NaNCNaN,NaN,NaN,NaN,NaN,NaNCNaN,NaN,NaN,NaN,NaN,NaNCNaN,NaN,NaN,NaN,NaN,NaNCNaN,NaN,NaN,NaN,NaN,NaNCNaN,NaN,NaN,NaN,NaN,NaNCNaN,NaN,NaN,NaN,NaN,NaNCNaN,NaN,NaN,NaN,NaN,NaNCNaN,NaN,NaN,NaN,NaN,NaNCNaN,NaN,NaN,NaN,NaN,NaNCNaN,NaN,NaN,NaN,NaN,NaNCNaN,NaN,NaN,NaN,NaN,NaNCNaN,NaN,NaN,NaN,NaN,NaNCNaN,NaN,NaN,NaN,NaN,NaNCNaN,NaN,NaN,NaN,NaN,NaNCNaN,NaN,NaN,NaN,NaN,NaNCNaN,NaN,NaN,NaN,NaN,NaNCNaN,NaN,NaN,NaN,NaN,NaNCNaN,NaN,NaN,NaN,NaN,NaNCNaN,NaN,NaN,NaN,NaN,NaNCNaN,NaN,NaN,NaN,NaN,NaNCNaN,NaN,NaN,NaN,NaN,NaNCNaN,NaN,NaN,NaN,NaN,NaNCNaN,NaN,NaN,NaN,NaN,NaNCNaN,NaN,NaN,NaN,NaN,NaNCNaN,NaN,NaN,NaN,NaN,NaNCNaN,NaN,NaN,NaN,NaN,NaNCNaN,NaN,NaN,NaN,NaN,NaNCNaN,NaN,NaN,NaN,NaN,NaNCNaN,NaN,NaN,NaN,NaN,NaNCNaN,NaN,NaN,NaN,NaN,NaNCNaN,NaN,NaN,NaN,NaN,NaNCNaN,NaN,NaN,NaN,NaN,NaNCNaN,NaN,NaN,NaN,NaN,NaNCNaN,NaN,NaN,NaN,NaN,NaNCNaN,NaN,NaN,NaN,NaN,NaNCNaN,NaN,NaN,NaN,NaN,NaNCNaN,NaN,NaN,NaN,NaN,NaNCNaN,NaN,NaN,NaN,NaN,NaNCNaN,NaN,NaN,NaN,NaN,NaNCNaN,NaN,NaN,NaN,NaN,NaNCNaN,NaN,NaN,NaN,NaN,NaNCNaN,NaN,NaN,NaN,NaN,NaNCNaN,NaN,NaN,NaN,NaN,NaNCNaN,NaN,NaN,NaN,NaN,NaNCNaN,NaN,NaN,NaN,NaN,NaNCNaN,NaN,NaN,NaN,NaN,NaNCNaN,NaN,NaN,NaN,NaN,NaNCNaN,NaN,NaN,NaN,NaN,NaNCNaN,NaN,NaN,NaN,NaN,NaNCNaN,NaN,NaN,NaN,NaN,NaNCNaN,NaN,NaN,NaN,NaN,NaNCNaN,NaN,NaN,NaN,NaN,NaNCNaN,NaN,NaN,NaN,NaN,NaNCNaN,NaN,NaN,NaN,NaN,NaNCNaN,NaN,NaN,NaN,NaN,NaNCNaN,NaN,NaN,NaN,NaN,NaNCNaN,NaN,NaN,NaN,NaN,NaNCNaN,NaN,NaN,NaN,NaN,NaNCNaN,NaN,NaN,NaN,NaN,NaNCNaN,NaN,NaN,NaN,NaN,NaNCNaN,NaN,NaN,NaN,NaN,NaNCNaN,NaN,NaN,NaN,NaN,NaNCNaN,NaN,NaN,NaN,NaN,NaNCNaN,NaN,NaN,NaN,NaN,NaNCNaN,NaN,NaN,NaN,NaN,NaNCNaN,NaN,NaN,NaN,NaN,NaNLNaN,NaNCNaN,NaN,NaN,NaN,NaN,NaNCNaN,NaN,NaN,NaN,NaN,NaNCNaN,NaN,NaN,NaN,NaN,NaNCNaN,NaN,NaN,NaN,NaN,NaNCNaN,NaN,NaN,NaN,NaN,NaNCNaN,NaN,NaN,NaN,NaN,NaNCNaN,NaN,NaN,NaN,NaN,NaNCNaN,NaN,NaN,NaN,NaN,NaNCNaN,NaN,NaN,NaN,NaN,NaNCNaN,NaN,NaN,NaN,NaN,NaNCNaN,NaN,NaN,NaN,NaN,NaNCNaN,NaN,NaN,NaN,NaN,NaNCNaN,NaN,NaN,NaN,NaN,NaNCNaN,NaN,NaN,NaN,NaN,NaNCNaN,NaN,NaN,NaN,NaN,NaNCNaN,NaN,NaN,NaN,NaN,NaNCNaN,NaN,NaN,NaN,NaN,NaNCNaN,NaN,NaN,NaN,NaN,NaNCNaN,NaN,NaN,NaN,NaN,NaNCNaN,NaN,NaN,NaN,NaN,NaNCNaN,NaN,NaN,NaN,NaN,NaNCNaN,NaN,NaN,NaN,NaN,NaNCNaN,NaN,NaN,NaN,NaN,NaNCNaN,NaN,NaN,NaN,NaN,NaNCNaN,NaN,NaN,NaN,NaN,NaNCNaN,NaN,NaN,NaN,NaN,NaNCNaN,NaN,NaN,NaN,NaN,NaNCNaN,NaN,NaN,NaN,NaN,NaNCNaN,NaN,NaN,NaN,NaN,NaNCNaN,NaN,NaN,NaN,NaN,NaNCNaN,NaN,NaN,NaN,NaN,NaNCNaN,NaN,NaN,NaN,NaN,NaNCNaN,NaN,NaN,NaN,NaN,NaNCNaN,NaN,NaN,NaN,NaN,NaNCNaN,NaN,NaN,NaN,NaN,NaNCNaN,NaN,NaN,NaN,NaN,NaNCNaN,NaN,NaN,NaN,NaN,NaNCNaN,NaN,NaN,NaN,NaN,NaNCNaN,NaN,NaN,NaN,NaN,NaNCNaN,NaN,NaN,NaN,NaN,NaNCNaN,NaN,NaN,NaN,NaN,NaNCNaN,NaN,NaN,NaN,NaN,NaNCNaN,NaN,NaN,NaN,NaN,NaNCNaN,NaN,NaN,NaN,NaN,NaNCNaN,NaN,NaN,NaN,NaN,NaNCNaN,NaN,NaN,NaN,NaN,NaNCNaN,NaN,NaN,NaN,NaN,NaNCNaN,NaN,NaN,NaN,NaN,NaNCNaN,NaN,NaN,NaN,NaN,NaNCNaN,NaN,NaN,NaN,NaN,NaNCNaN,NaN,NaN,NaN,NaN,NaNCNaN,NaN,NaN,NaN,NaN,NaNCNaN,NaN,NaN,NaN,NaN,NaNCNaN,NaN,NaN,NaN,NaN,NaNCNaN,NaN,NaN,NaN,NaN,NaNCNaN,NaN,NaN,NaN,NaN,NaNCNaN,NaN,NaN,NaN,NaN,NaNCNaN,NaN,NaN,NaN,NaN,NaNCNaN,NaN,NaN,NaN,NaN,NaNCNaN,NaN,NaN,NaN,NaN,NaNCNaN,NaN,NaN,NaN,NaN,NaNCNaN,NaN,NaN,NaN,NaN,NaNCNaN,NaN,NaN,NaN,NaN,NaNCNaN,NaN,NaN,NaN,NaN,NaNCNaN,NaN,NaN,NaN,NaN,NaNCNaN,NaN,NaN,NaN,NaN,NaNCNaN,NaN,NaN,NaN,NaN,NaNCNaN,NaN,NaN,NaN,NaN,NaNCNaN,NaN,NaN,NaN,NaN,NaNCNaN,NaN,NaN,NaN,NaN,NaNCNaN,NaN,NaN,NaN,NaN,NaNCNaN,NaN,NaN,NaN,NaN,NaNCNaN,NaN,NaN,NaN,NaN,NaNCNaN,NaN,NaN,NaN,NaN,NaNCNaN,NaN,NaN,NaN,NaN,NaNCNaN,NaN,NaN,NaN,NaN,NaNCNaN,NaN,NaN,NaN,NaN,NaNCNaN,NaN,NaN,NaN,NaN,NaNCNaN,NaN,NaN,NaN,NaN,NaNCNaN,NaN,NaN,NaN,NaN,NaNCNaN,NaN,NaN,NaN,NaN,NaNCNaN,NaN,NaN,NaN,NaN,NaNCNaN,NaN,NaN,NaN,NaN,NaNCNaN,NaN,NaN,NaN,NaN,NaNCNaN,NaN,NaN,NaN,NaN,NaNCNaN,NaN,NaN,NaN,NaN,NaNCNaN,NaN,NaN,NaN,NaN,NaNCNaN,NaN,NaN,NaN,NaN,NaNCNaN,NaN,NaN,NaN,NaN,NaNCNaN,NaN,NaN,NaN,NaN,NaNCNaN,NaN,NaN,NaN,NaN,NaNCNaN,NaN,NaN,NaN,NaN,NaNCNaN,NaN,NaN,NaN,NaN,NaNCNaN,NaN,NaN,NaN,NaN,NaNCNaN,NaN,NaN,NaN,NaN,NaNCNaN,NaN,NaN,NaN,NaN,NaNCNaN,NaN,NaN,NaN,NaN,NaNCNaN,NaN,NaN,NaN,NaN,NaNCNaN,NaN,NaN,NaN,NaN,NaNZ"
          fill="url(#linear-gradient"
          stroke="#4e82a3"
          stroke-width="0.03rem"
        />
        <path
          class="selectedLine"
          d="MNaN,NaNCNaN,NaN,NaN,NaN,NaN,NaNCNaN,NaN,NaN,NaN,NaN,NaNCNaN,NaN,NaN,NaN,NaN,NaNCNaN,NaN,NaN,NaN,NaN,NaNCNaN,NaN,NaN,NaN,NaN,NaNCNaN,NaN,NaN,NaN,NaN,NaNCNaN,NaN,NaN,NaN,NaN,NaNCNaN,NaN,NaN,NaN,NaN,NaNCNaN,NaN,NaN,NaN,NaN,NaNCNaN,NaN,NaN,NaN,NaN,NaNCNaN,NaN,NaN,NaN,NaN,NaNCNaN,NaN,NaN,NaN,NaN,NaNCNaN,NaN,NaN,NaN,NaN,NaNCNaN,NaN,NaN,NaN,NaN,NaNCNaN,NaN,NaN,NaN,NaN,NaNCNaN,NaN,NaN,NaN,NaN,NaNCNaN,NaN,NaN,NaN,NaN,NaNCNaN,NaN,NaN,NaN,NaN,NaNCNaN,NaN,NaN,NaN,NaN,NaNCNaN,NaN,NaN,NaN,NaN,NaNCNaN,NaN,NaN,NaN,NaN,NaNCNaN,NaN,NaN,NaN,NaN,NaNCNaN,NaN,NaN,NaN,NaN,NaNCNaN,NaN,NaN,NaN,NaN,NaNCNaN,NaN,NaN,NaN,NaN,NaNCNaN,NaN,NaN,NaN,NaN,NaNCNaN,NaN,NaN,NaN,NaN,NaNCNaN,NaN,NaN,NaN,NaN,NaNCNaN,NaN,NaN,NaN,NaN,NaNCNaN,NaN,NaN,NaN,NaN,NaNCNaN,NaN,NaN,NaN,NaN,NaNCNaN,NaN,NaN,NaN,NaN,NaNCNaN,NaN,NaN,NaN,NaN,NaNCNaN,NaN,NaN,NaN,NaN,NaNCNaN,NaN,NaN,NaN,NaN,NaNCNaN,NaN,NaN,NaN,NaN,NaNCNaN,NaN,NaN,NaN,NaN,NaNCNaN,NaN,NaN,NaN,NaN,NaNCNaN,NaN,NaN,NaN,NaN,NaNCNaN,NaN,NaN,NaN,NaN,NaNCNaN,NaN,NaN,NaN,NaN,NaNCNaN,NaN,NaN,NaN,NaN,NaNCNaN,NaN,NaN,NaN,NaN,NaNCNaN,NaN,NaN,NaN,NaN,NaNCNaN,NaN,NaN,NaN,NaN,NaNCNaN,NaN,NaN,NaN,NaN,NaNCNaN,NaN,NaN,NaN,NaN,NaNCNaN,NaN,NaN,NaN,NaN,NaNCNaN,NaN,NaN,NaN,NaN,NaNCNaN,NaN,NaN,NaN,NaN,NaNCNaN,NaN,NaN,NaN,NaN,NaNCNaN,NaN,NaN,NaN,NaN,NaNCNaN,NaN,NaN,NaN,NaN,NaNCNaN,NaN,NaN,NaN,NaN,NaNCNaN,NaN,NaN,NaN,NaN,NaNCNaN,NaN,NaN,NaN,NaN,NaNCNaN,NaN,NaN,NaN,NaN,NaNCNaN,NaN,NaN,NaN,NaN,NaNCNaN,NaN,NaN,NaN,NaN,NaNCNaN,NaN,NaN,NaN,NaN,NaNCNaN,NaN,NaN,NaN,NaN,NaNCNaN,NaN,NaN,NaN,NaN,NaNCNaN,NaN,NaN,NaN,NaN,NaNCNaN,NaN,NaN,NaN,NaN,NaNCNaN,NaN,NaN,NaN,NaN,NaNCNaN,NaN,NaN,NaN,NaN,NaNCNaN,NaN,NaN,NaN,NaN,NaNCNaN,NaN,NaN,NaN,NaN,NaNCNaN,NaN,NaN,NaN,NaN,NaNCNaN,NaN,NaN,NaN,NaN,NaNCNaN,NaN,NaN,NaN,NaN,NaNCNaN,NaN,NaN,NaN,NaN,NaNCNaN,NaN,NaN,NaN,NaN,NaNCNaN,NaN,NaN,NaN,NaN,NaNCNaN,NaN,NaN,NaN,NaN,NaNCNaN,NaN,NaN,NaN,NaN,NaNCNaN,NaN,NaN,NaN,NaN,NaNCNaN,NaN,NaN,NaN,NaN,NaNCNaN,NaN,NaN,NaN,NaN,NaNCNaN,NaN,NaN,NaN,NaN,NaNCNaN,NaN,NaN,NaN,NaN,NaNCNaN,NaN,NaN,NaN,NaN,NaNCNaN,NaN,NaN,NaN,NaN,NaNCNaN,NaN,NaN,NaN,NaN,NaNCNaN,NaN,NaN,NaN,NaN,NaNCNaN,NaN,NaN,NaN,NaN,NaNCNaN,NaN,NaN,NaN,NaN,NaNCNaN,NaN,NaN,NaN,NaN,NaNCNaN,NaN,NaN,NaN,NaN,NaNCNaN,NaN,NaN,NaN,NaN,NaNCNaN,NaN,NaN,NaN,NaN,NaNCNaN,NaN,NaN,NaN,NaN,NaNCNaN,NaN,NaN,NaN,NaN,NaNCNaN,NaN,NaN,NaN,NaN,NaNCNaN,NaN,NaN,NaN,NaN,NaNCNaN,NaN,NaN,NaN,NaN,NaNCNaN,NaN,NaN,NaN,NaN,NaNCNaN,NaN,NaN,NaN,NaN,NaNCNaN,NaN,NaN,NaN,NaN,NaN"
          fill="none"
          stroke="#88D1FF"
          stroke-width="0.15rem"
        />
        <line
          stroke="#1A1723"
          stroke-width="0.12rem"
          x1="90"
          x2="-20"
          y1="NaN"
          y2="NaN"
        />
      </g>
    </svg>
  </div>
</DocumentFragment>
`;
