// Jest Snapshot v1, https://goo.gl/fbAQLP

exports[`Given an Exchange component when the component is rendered should match the snapshot 1`] = `
<DocumentFragment>
  <div
    class="sc-bdnxRM fdCjyu"
  >
    <div
      class="sc-gtsrHT cFutaZ"
    >
      <strong>
        Buy NOM
      </strong>
      <div
        class="sc-dlnjwi ciFpMw"
      >
        <strong>
          I'm buying
        </strong>
        <div
          class="sc-bTDOke cddonb"
        >
          <div
            class="sc-eKYRIR ibOJZB"
          />
          <input
            class="sc-jSFjdj lkKexS"
            data-testid="exchange-strong-balance-input"
            placeholder="0.00"
            type="text"
            value=""
          />
        </div>
        ETH
        <button
          class="sc-eCApnc liwdcO"
          data-testid="max-value-button"
        >
          Max
        </button>
      </div>
      <div
        class="sc-hKFxyN jWQojY"
      >
        <strong>
          You will receive
        </strong>
        <span
          class="sc-gKAaRy dHKXDL"
          data-testid="exchange-weak-balance"
        >
           NOM
        </span>
      </div>
      <button
        class="sc-iCoGMd SknTJ"
      >
        Low ETH Balance
      </button>
    </div>
    <div
      class="sc-gtsrHT cFutaZ"
    >
      <strong>
        Sell NOM
      </strong>
      <div
        class="sc-dlnjwi ciFpMw"
      >
        <strong>
          I'm selling
        </strong>
        <div
          class="sc-bTDOke cddonb"
        >
          <div
            class="sc-eKYRIR ibOJZB"
          />
          <input
            class="sc-jSFjdj lkKexS"
            data-testid="exchange-strong-balance-input"
            placeholder="0.00"
            type="text"
            value=""
          />
        </div>
        NOM
        <button
          class="sc-eCApnc liwdcO"
          data-testid="max-value-button"
        >
          Max
        </button>
      </div>
      <div
        class="sc-hKFxyN jWQojY"
      >
        <strong>
          You will receive
        </strong>
        <span
          class="sc-gKAaRy dHKXDL"
          data-testid="exchange-weak-balance"
        >
           ETH
        </span>
      </div>
      <button
        class="sc-iCoGMd sc-fujyAs SknTJ hBWDAL"
      >
         Input Value 
      </button>
    </div>
  </div>
</DocumentFragment>
`;
