// Jest Snapshot v1, https://goo.gl/fbAQLP

exports[`Given an ExchangeQuote component when the component is rendered should match the snapshot 1`] = `
<DocumentFragment>
  <div
    class="sc-jffHpj emiGjb"
  >
    <strong>
      Sell NOM
    </strong>
    <div
      class="sc-eJocfa Mqkgq"
    >
      <strong>
        I'm selling
      </strong>
      <div
        class="sc-bTDOke cddonb"
      >
        <div
          class="sc-eKYRIR ibOJZB"
        />
        <input
          class="sc-eirqVv fTWVPi"
          data-testid="exchange-strong-balance-input"
          placeholder="0.00"
          type="text"
          value=""
        />
      </div>
      NOM
      <button
        class="sc-hhIiOg gPZLac"
        data-testid="max-value-button"
      >
        Max
      </button>
    </div>
    <div
      class="sc-oeezt cuEecL"
    >
      <strong>
        You will receive
      </strong>
      <span
        class="sc-lbVvki hTUTOI"
        data-testid="exchange-weak-balance"
      >
         ETH
      </span>
    </div>
    <button
      class="sc-gGLxEB sc-ckTSus iMrmpd giMBmg"
    >
       Input Value 
    </button>
  </div>
</DocumentFragment>
`;
